eeschema (2012-apr-16-27)-stable  >> Creation date: Fri 01 Apr 2016 11:49:42 AM ART

#Cmp ( order = Reference )
| C1         C           
| C2         CP          
| C3         C           
| P1         CONN_1      
| P2         CONN_1      
| P3         CONN_1      
| R1         R           
| R2         R           
| R3         R           
| R4         R           
| R5         R           
| R6         R           
| R7         R           
| R8         R           
| R9         R           
| R10        R           
| R11        10K         
| R12        R           
| RV1        POT         
| U1         TL074       
#End Cmp

#Cmp ( order = Value )
| 10K          R11       
| C            C1        
| C            C3        
| CONN_1       P1        
| CONN_1       P2        
| CONN_1       P3        
| CP           C2        
| POT          RV1       
| R            R1        
| R            R2        
| R            R3        
| R            R4        
| R            R5        
| R            R6        
| R            R7        
| R            R8        
| R            R9        
| R            R10       
| R            R12       
| TL074        U1        
#End Cmp

#End List
